32.121.85.47 - - [20/Mar/2025:23:25:35 +0530] "GET /uploads/evil.php HTTP/1.1" 200 1153 "https://www.buchanan.net/posts/posts/home/" "curl/7.68.0"
142.149.120.44 - - [20/Jun/2025:01:43:33 +0530] "HEAD categories HTTP/1.1" 301 2695 "https://www.dawson-dillon.com/main/" "Mozilla/5.0 (Macintosh; Intel Mac OS X 10_15_7)"
191.121.99.22 - - [10/Mar/2025:16:56:46 +0530] "HEAD tags/category HTTP/1.1" 302 2680 "https://hudson-henson.org/category/tag/posts/search.html" "curl/7.68.0"
66.200.226.97 - - [10/Jan/2025:16:35:35 +0530] "HEAD main HTTP/1.1" 302 3026 "https://brown.net/" "Mozilla/5.0 (X11; Linux x86_64)"
199.24.113.52 - - [22/Jan/2025:07:39:27 +0530] "GET tag HTTP/1.1" 500 3885 "https://miranda.com/main.html" "Wget/1.20.3 (linux-gnu)"
72.159.55.95 - - [19/Feb/2025:10:20:46 +0530] "HEAD explore/blog HTTP/1.1" 301 1841 "http://jackson.com/posts/tags/login/" "curl/7.68.0"
111.160.118.209 - - [12/May/2025:18:42:05 +0530] "GET /downloads/shell.php HTTP/1.1" 200 1621 "https://kaufman-johns.net/index/" "Mozilla/5.0 (Macintosh; Intel Mac OS X 10_15_7)"
26.208.234.137 - - [31/May/2025:11:50:21 +0530] "HEAD app/list/tag HTTP/1.1" 301 3980 "http://griffin-miller.com/login/" "curl/7.68.0"
210.136.188.87 - - [20/Apr/2025:01:44:24 +0530] "POST list/blog HTTP/1.1" 404 1239 "https://www.medina.com/login.html" "Mozilla/5.0 (Macintosh; Intel Mac OS X 10_15_7)"
21.69.146.233 - - [01/Mar/2025:02:36:47 +0530] "POST search/categories HTTP/1.1" 200 1735 "https://www.blair.com/" "Mozilla/5.0 (Windows NT 10.0; Win64; x64)"
149.175.227.144 - - [16/Apr/2025:21:57:33 +0530] "GET wp-content/categories/explore HTTP/1.1" 500 3137 "http://www.mcdowell-scott.com/author.php" "Wget/1.20.3 (linux-gnu)"
115.8.210.87 - - [15/Jun/2025:02:43:35 +0530] "GET explore HTTP/1.1" 200 992 "https://www.anderson.com/app/list/search.php" "curl/7.68.0"
209.202.20.252 - - [06/May/2025:16:40:05 +0530] "POST posts/tags HTTP/1.1" 301 4151 "http://www.anderson.com/category/wp-content/about.asp" "Wget/1.20.3 (linux-gnu)"
219.158.101.252 - - [25/Jun/2025:21:06:45 +0530] "GET categories/tags/list HTTP/1.1" 200 1152 "https://mayer-jones.com/explore/tag/login/" "Mozilla/5.0 (Windows NT 10.0; Win64; x64)"
143.123.70.104 - - [01/Apr/2025:07:15:13 +0530] "POST categories HTTP/1.1" 301 1707 "https://goodwin.com/about/" "Mozilla/5.0 (Windows NT 10.0; Win64; x64)"
218.236.187.51 - - [27/Jun/2025:12:25:05 +0530] "HEAD search/list/tags HTTP/1.1" 500 1368 "https://cordova.biz/app/explore/list/post.html" "Mozilla/5.0 (Windows NT 10.0; Win64; x64)"
142.189.234.32 - - [27/Apr/2025:02:50:44 +0530] "GET category/search HTTP/1.1" 301 1096 "http://rodriguez.com/home/" "Mozilla/5.0 (Macintosh; Intel Mac OS X 10_15_7)"
214.214.220.236 - - [17/Mar/2025:14:12:32 +0530] "POST categories/category/wp-content HTTP/1.1" 302 530 "https://tyler-combs.com/home/" "curl/7.68.0"
197.145.102.175 - - [23/Apr/2025:01:24:26 +0530] "POST posts HTTP/1.1" 301 1023 "https://www.hunter.com/" "Mozilla/5.0 (Windows NT 10.0; Win64; x64)"
219.234.132.113 - - [14/Apr/2025:04:22:44 +0530] "HEAD list/wp-content/tags HTTP/1.1" 301 1511 "https://knight.com/tags/blog/wp-content/homepage.htm" "curl/7.68.0"
184.229.48.14 - - [25/May/2025:23:54:34 +0530] "HEAD search HTTP/1.1" 302 2896 "http://jones.org/register.html" "curl/7.68.0"
43.248.116.223 - - [07/Jun/2025:19:43:41 +0530] "GET wp-content/blog HTTP/1.1" 302 585 "http://vargas.com/tags/tags/posts/privacy.html" "curl/7.68.0"
177.210.95.207 - - [17/May/2025:16:26:23 +0530] "POST list HTTP/1.1" 301 3405 "http://powell-smith.com/main/" "Mozilla/5.0 (Windows NT 10.0; Win64; x64)"
42.98.130.101 - - [08/May/2025:04:59:41 +0530] "POST explore/tag/main HTTP/1.1" 302 433 "http://www.dixon-clay.com/posts/wp-content/category/search/" "Wget/1.20.3 (linux-gnu)"
134.135.211.153 - - [16/Mar/2025:04:26:09 +0530] "POST main HTTP/1.1" 302 3610 "http://cooley-robinson.biz/login.html" "Mozilla/5.0 (X11; Linux x86_64)"
108.159.18.140 - - [23/Jan/2025:21:25:34 +0530] "HEAD list HTTP/1.1" 404 481 "http://www.baker.net/main/app/app/author/" "Wget/1.20.3 (linux-gnu)"
98.140.226.10 - - [20/May/2025:06:22:20 +0530] "GET tags HTTP/1.1" 200 2775 "http://munoz.com/login/" "Mozilla/5.0 (X11; Linux x86_64)"
1.180.92.83 - - [18/May/2025:00:43:24 +0530] "GET categories/list HTTP/1.1" 200 4921 "https://www.lambert-aguilar.org/tags/posts/author.jsp" "Wget/1.20.3 (linux-gnu)"
151.201.225.25 - - [19/Jun/2025:06:10:29 +0530] "GET posts/explore HTTP/1.1" 500 3094 "https://jenkins-zimmerman.info/login.html" "Wget/1.20.3 (linux-gnu)"
215.184.55.109 - - [27/Apr/2025:15:51:26 +0530] "GET /comment?text=<script>alert("xss")</script> HTTP/1.1" 200 1805 "http://pace.com/explore/app/tags/home.asp" "curl/7.68.0"
81.113.176.206 - - [20/Mar/2025:07:39:42 +0530] "HEAD tags/tag/search HTTP/1.1" 200 3044 "https://moreno.com/" "curl/7.68.0"
112.56.108.79 - - [22/Jun/2025:01:41:53 +0530] "POST list/list HTTP/1.1" 500 3039 "http://www.conrad.org/tags/category/app/privacy/" "Wget/1.20.3 (linux-gnu)"
216.6.79.238 - - [15/Apr/2025:14:17:17 +0530] "GET categories/posts/list HTTP/1.1" 404 2804 "http://www.manning.com/" "Mozilla/5.0 (Macintosh; Intel Mac OS X 10_15_7)"
9.131.0.193 - - [16/May/2025:08:36:46 +0530] "POST list/posts/category HTTP/1.1" 500 2731 "http://white.info/app/explore/list/terms/" "Mozilla/5.0 (X11; Linux x86_64)"
10.70.49.36 - - [18/Feb/2025:18:01:16 +0530] "GET explore HTTP/1.1" 404 4860 "https://cooley.biz/search/list/main/" "Wget/1.20.3 (linux-gnu)"
202.126.30.83 - - [15/Apr/2025:06:16:12 +0530] "GET explore/categories HTTP/1.1" 500 200 "http://smith.com/author.htm" "curl/7.68.0"
63.228.39.10 - - [22/Jan/2025:09:21:28 +0530] "HEAD blog/category/tag HTTP/1.1" 200 2667 "http://allen.com/blog/explore/wp-content/main/" "Wget/1.20.3 (linux-gnu)"
39.28.31.214 - - [23/Apr/2025:10:55:52 +0530] "POST category/list/search HTTP/1.1" 200 1383 "http://www.rivera-newton.com/author.htm" "curl/7.68.0"
130.230.115.251 - - [15/Jun/2025:17:40:28 +0530] "POST tag/tags/app HTTP/1.1" 404 1072 "https://shaw.net/explore/explore/index.html" "Mozilla/5.0 (Windows NT 10.0; Win64; x64)"
107.1.65.134 - - [22/Apr/2025:18:30:38 +0530] "GET tag/category/app HTTP/1.1" 302 3007 "https://nelson.com/" "Mozilla/5.0 (X11; Linux x86_64)"
116.202.133.36 - - [01/Apr/2025:15:46:54 +0530] "POST list HTTP/1.1" 404 4575 "http://villegas.com/app/category/post.html" "curl/7.68.0"
144.224.45.222 - - [12/Jun/2025:23:21:06 +0530] "HEAD app/list/posts HTTP/1.1" 200 993 "https://beck.org/login.php" "Mozilla/5.0 (Windows NT 10.0; Win64; x64)"
85.198.231.32 - - [14/Jun/2025:01:50:52 +0530] "GET explore/list HTTP/1.1" 200 2725 "http://strickland.com/" "curl/7.68.0"
48.24.205.95 - - [28/Mar/2025:18:41:18 +0530] "POST category HTTP/1.1" 500 557 "http://www.parker.com/list/terms/" "Mozilla/5.0 (Macintosh; Intel Mac OS X 10_15_7)"
210.235.162.145 - - [14/Mar/2025:14:04:40 +0530] "GET wp-content/app HTTP/1.1" 404 2082 "http://smith.com/tags/categories/blog/search/" "Wget/1.20.3 (linux-gnu)"
31.150.213.28 - - [13/Feb/2025:22:29:06 +0530] "GET app HTTP/1.1" 200 2929 "http://day.com/" "Wget/1.20.3 (linux-gnu)"
89.197.188.139 - - [12/Mar/2025:06:26:56 +0530] "HEAD category/wp-content HTTP/1.1" 302 4934 "http://simpson.com/app/category/explore/about.html" "Mozilla/5.0 (Windows NT 10.0; Win64; x64)"
38.38.100.27 - - [20/Jan/2025:20:55:26 +0530] "POST posts HTTP/1.1" 301 361 "http://www.santiago.com/about.asp" "curl/7.68.0"
87.21.68.26 - - [09/Jan/2025:18:35:12 +0530] "GET blog/search/explore HTTP/1.1" 200 4388 "http://white.org/tags/post/" "curl/7.68.0"
55.85.99.3 - - [04/Jan/2025:07:12:02 +0530] "HEAD tag/tag HTTP/1.1" 301 177 "http://smith.com/" "Mozilla/5.0 (Macintosh; Intel Mac OS X 10_15_7)"
81.72.84.5 - - [29/Jan/2025:08:14:29 +0530] "POST main HTTP/1.1" 302 4688 "https://thomas.info/search/" "curl/7.68.0"
30.32.190.35 - - [09/Jun/2025:14:18:08 +0530] "GET list/blog HTTP/1.1" 404 3885 "https://www.campbell.info/wp-content/search/categories/login/" "curl/7.68.0"
29.52.196.126 - - [26/Jun/2025:12:05:22 +0530] "POST wp-content/main HTTP/1.1" 302 1076 "https://vaughan.com/login.html" "Wget/1.20.3 (linux-gnu)"
78.100.140.176 - - [20/Apr/2025:03:09:31 +0530] "POST tags HTTP/1.1" 301 1531 "https://www.hardy-martin.net/search/wp-content/app/terms/" "curl/7.68.0"
220.84.201.159 - - [05/Feb/2025:22:09:34 +0530] "GET posts HTTP/1.1" 302 3880 "http://robbins-haley.com/category/" "Mozilla/5.0 (Windows NT 10.0; Win64; x64)"
117.71.131.58 - - [29/Apr/2025:14:37:29 +0530] "GET explore/search/posts HTTP/1.1" 404 4188 "http://www.gill.info/privacy/" "Mozilla/5.0 (X11; Linux x86_64)"
106.224.200.63 - - [08/Jun/2025:14:47:56 +0530] "HEAD posts/main HTTP/1.1" 302 3839 "https://sandoval-reese.com/main.html" "Wget/1.20.3 (linux-gnu)"
172.112.72.39 - - [23/Jun/2025:22:35:40 +0530] "GET blog HTTP/1.1" 200 4513 "http://www.tucker.net/posts/explore/category/main.htm" "Mozilla/5.0 (Windows NT 10.0; Win64; x64)"
152.16.215.169 - - [02/Feb/2025:04:16:16 +0530] "GET main/search/category HTTP/1.1" 302 2570 "https://www.harvey.net/login.htm" "Mozilla/5.0 (Macintosh; Intel Mac OS X 10_15_7)"
95.83.200.99 - - [10/Feb/2025:13:54:38 +0530] "HEAD search/list HTTP/1.1" 500 231 "https://www.lindsey-robinson.com/tags/login/" "Mozilla/5.0 (Windows NT 10.0; Win64; x64)"
19.250.153.135 - - [19/Mar/2025:12:40:34 +0530] "POST categories/explore/blog HTTP/1.1" 200 4121 "http://www.odom-nelson.com/search/tags/search/" "curl/7.68.0"
109.131.203.111 - - [07/Apr/2025:14:44:49 +0530] "GET list HTTP/1.1" 301 404 "https://orr-bridges.com/blog/login.jsp" "curl/7.68.0"
54.155.53.236 - - [29/Jun/2025:04:10:16 +0530] "POST main/search/tag HTTP/1.1" 404 4543 "https://jones.org/" "Mozilla/5.0 (Macintosh; Intel Mac OS X 10_15_7)"
204.90.135.246 - - [22/Apr/2025:20:28:43 +0530] "GET list/tags/categories HTTP/1.1" 500 648 "https://roman.info/tag/login.php" "curl/7.68.0"
13.201.187.21 - - [18/Apr/2025:05:50:20 +0530] "GET posts HTTP/1.1" 302 1342 "http://spence-sanchez.com/home.htm" "Mozilla/5.0 (Macintosh; Intel Mac OS X 10_15_7)"
57.179.194.134 - - [15/Apr/2025:02:48:22 +0530] "GET app/list/tags HTTP/1.1" 301 2747 "https://www.greene.com/terms.asp" "Mozilla/5.0 (Windows NT 10.0; Win64; x64)"
169.162.55.129 - - [05/Feb/2025:04:47:08 +0530] "GET category HTTP/1.1" 500 1572 "https://www.jones.com/" "Mozilla/5.0 (X11; Linux x86_64)"
221.240.149.96 - - [30/May/2025:02:13:32 +0530] "GET tags/search/search HTTP/1.1" 301 563 "https://lee.com/" "Wget/1.20.3 (linux-gnu)"
97.169.202.38 - - [04/Jun/2025:12:28:08 +0530] "HEAD app/posts HTTP/1.1" 301 620 "http://garcia.net/blog/search/privacy.html" "Wget/1.20.3 (linux-gnu)"
22.212.81.189 - - [05/Jan/2025:05:06:58 +0530] "GET wp-content/list HTTP/1.1" 200 2550 "http://www.matthews.net/" "Mozilla/5.0 (Windows NT 10.0; Win64; x64)"
10.136.4.244 - - [11/Jan/2025:04:56:41 +0530] "GET list HTTP/1.1" 404 2125 "https://moran-davis.biz/main/" "Mozilla/5.0 (Macintosh; Intel Mac OS X 10_15_7)"
131.43.71.179 - - [21/Mar/2025:09:42:59 +0530] "POST blog/list/list HTTP/1.1" 500 1524 "https://jordan.com/list/privacy.html" "Mozilla/5.0 (Windows NT 10.0; Win64; x64)"
154.109.82.204 - - [01/Mar/2025:00:38:03 +0530] "HEAD main HTTP/1.1" 302 2925 "http://rice.com/main/app/blog/terms/" "Mozilla/5.0 (Windows NT 10.0; Win64; x64)"
146.163.88.54 - - [27/Feb/2025:03:33:59 +0530] "POST main HTTP/1.1" 500 3629 "http://www.chaney-marquez.com/author/" "Wget/1.20.3 (linux-gnu)"
67.93.52.254 - - [03/Feb/2025:02:25:14 +0530] "HEAD tags/main/tags HTTP/1.1" 500 3531 "http://www.white.net/app/categories/about/" "Mozilla/5.0 (Windows NT 10.0; Win64; x64)"
111.121.56.22 - - [06/Mar/2025:12:59:29 +0530] "GET tags/blog HTTP/1.1" 302 214 "http://www.meyer-harrington.com/" "Mozilla/5.0 (Windows NT 10.0; Win64; x64)"
80.99.48.14 - - [25/Jun/2025:11:24:14 +0530] "GET categories/tags/search HTTP/1.1" 500 2582 "http://ingram-adams.biz/categories/category/tag/home/" "Wget/1.20.3 (linux-gnu)"
80.203.204.158 - - [08/Mar/2025:21:14:10 +0530] "POST category HTTP/1.1" 200 3744 "http://www.nelson-wilson.org/index.asp" "Wget/1.20.3 (linux-gnu)"
81.163.24.115 - - [30/Apr/2025:02:58:09 +0530] "GET tag HTTP/1.1" 301 2491 "http://www.bryan-malone.info/index/" "curl/7.68.0"
216.249.116.38 - - [24/May/2025:11:30:19 +0530] "POST explore HTTP/1.1" 301 1167 "http://www.brown-cohen.info/posts/tags/login/" "Mozilla/5.0 (Macintosh; Intel Mac OS X 10_15_7)"
52.28.56.192 - - [27/May/2025:20:15:52 +0530] "HEAD list/posts HTTP/1.1" 302 982 "https://www.smith-rivera.com/faq.htm" "Mozilla/5.0 (X11; Linux x86_64)"
166.137.196.241 - - [27/Jan/2025:19:12:49 +0530] "HEAD posts/blog HTTP/1.1" 302 4358 "http://www.li.biz/register.html" "curl/7.68.0"
14.125.176.148 - - [08/Jun/2025:18:04:21 +0530] "POST posts/search/tags HTTP/1.1" 200 2664 "https://gutierrez.info/category.html" "Wget/1.20.3 (linux-gnu)"
175.215.136.122 - - [14/Apr/2025:01:02:10 +0530] "HEAD main HTTP/1.1" 500 3072 "http://walker.com/privacy.jsp" "Mozilla/5.0 (Macintosh; Intel Mac OS X 10_15_7)"
209.184.101.161 - - [29/Mar/2025:08:20:49 +0530] "HEAD tag HTTP/1.1" 302 3239 "https://www.jones-dunn.org/login.php" "Wget/1.20.3 (linux-gnu)"
146.161.105.162 - - [04/Apr/2025:21:39:05 +0530] "HEAD search HTTP/1.1" 200 1417 "https://berry.info/explore/wp-content/category/home.htm" "Mozilla/5.0 (Windows NT 10.0; Win64; x64)"
68.9.81.86 - - [22/Jan/2025:23:51:20 +0530] "GET main/category HTTP/1.1" 500 4419 "https://www.smith.com/search/post.htm" "Mozilla/5.0 (Macintosh; Intel Mac OS X 10_15_7)"
192.168.1.1 - - [27/Apr/2025:18:36:09 +0530] "GET / HTTP/1.1" 200 2180 "https://www.woods.com/author/" "Mozilla/5.0 (X11; Linux x86_64)"
93.55.198.218 - - [02/Mar/2025:21:07:12 +0530] "GET blog HTTP/1.1" 302 3334 "https://www.suarez.com/register/" "Mozilla/5.0 (X11; Linux x86_64)"
140.63.173.32 - - [25/Feb/2025:08:36:27 +0530] "GET categories HTTP/1.1" 404 2802 "https://johnson.biz/terms/" "Mozilla/5.0 (Macintosh; Intel Mac OS X 10_15_7)"
109.252.29.173 - - [25/May/2025:20:27:40 +0530] "GET app/wp-content/blog HTTP/1.1" 200 3628 "http://flores.com/" "curl/7.68.0"
215.131.80.200 - - [16/Apr/2025:17:32:58 +0530] "POST main/tags HTTP/1.1" 200 4790 "https://www.williams.com/wp-content/main/posts/register/" "Mozilla/5.0 (Windows NT 10.0; Win64; x64)"
201.57.34.90 - - [17/Feb/2025:19:50:54 +0530] "HEAD list/posts/category HTTP/1.1" 301 2200 "http://www.nielsen.com/category/search/posts/search/" "Mozilla/5.0 (Windows NT 10.0; Win64; x64)"
105.55.164.3 - - [27/May/2025:07:24:21 +0530] "HEAD categories/search/explore HTTP/1.1" 302 2687 "http://gonzalez.net/app/blog/categories/index/" "Mozilla/5.0 (Macintosh; Intel Mac OS X 10_15_7)"
209.245.10.145 - - [09/Feb/2025:16:37:00 +0530] "HEAD blog HTTP/1.1" 404 3604 "https://cooley.com/post.html" "curl/7.68.0"
222.150.53.233 - - [17/Jan/2025:09:55:41 +0530] "HEAD main HTTP/1.1" 302 2222 "http://www.smith-wallace.biz/homepage.htm" "Mozilla/5.0 (Macintosh; Intel Mac OS X 10_15_7)"
9.104.187.171 - - [25/Jan/2025:13:33:42 +0530] "POST search HTTP/1.1" 302 4536 "https://www.greene-perez.com/search/home/" "Mozilla/5.0 (Macintosh; Intel Mac OS X 10_15_7)"
171.42.94.37 - - [24/Feb/2025:09:03:10 +0530] "HEAD list HTTP/1.1" 301 4311 "https://brown-shah.com/category/blog/category.htm" "Mozilla/5.0 (Macintosh; Intel Mac OS X 10_15_7)"
8.168.63.21 - - [09/Jun/2025:10:19:41 +0530] "HEAD category HTTP/1.1" 404 1430 "http://roy.com/home/" "Wget/1.20.3 (linux-gnu)"
110.138.228.174 - - [13/May/2025:23:51:39 +0530] "GET wp-content/wp-content/blog HTTP/1.1" 302 2057 "https://www.martin-carlson.com/tag/list/terms.htm" "Mozilla/5.0 (Macintosh; Intel Mac OS X 10_15_7)"
89.161.64.45 - - [08/Mar/2025:00:43:10 +0530] "GET search/posts/list HTTP/1.1" 301 130 "https://www.rodriguez.com/main/search/" "Wget/1.20.3 (linux-gnu)"
202.156.177.235 - - [31/Jan/2025:23:57:08 +0530] "GET main/categories HTTP/1.1" 302 1993 "https://murphy.com/" "curl/7.68.0"
118.50.26.78 - - [28/Apr/2025:20:56:44 +0530] "GET /downloads/shell.php HTTP/1.1" 200 2736 "https://lee.org/" "Mozilla/5.0 (Windows NT 10.0; Win64; x64)"
212.68.113.60 - - [03/Mar/2025:23:11:48 +0530] "GET categories/tag/search HTTP/1.1" 302 1728 "http://www.norman.com/privacy/" "curl/7.68.0"
39.137.211.52 - - [26/Apr/2025:15:16:53 +0530] "HEAD categories HTTP/1.1" 301 2779 "http://bowman.com/wp-content/list/search/author.htm" "Mozilla/5.0 (X11; Linux x86_64)"
152.179.245.182 - - [07/Mar/2025:14:31:55 +0530] "HEAD explore/main HTTP/1.1" 500 3836 "http://www.wise.net/explore/posts/blog/login/" "Mozilla/5.0 (X11; Linux x86_64)"
39.101.45.151 - - [31/Jan/2025:10:32:25 +0530] "GET app/main HTTP/1.1" 302 2257 "https://www.greer-wagner.com/" "Mozilla/5.0 (X11; Linux x86_64)"
97.79.190.28 - - [14/Jan/2025:14:49:51 +0530] "POST tag HTTP/1.1" 500 2967 "https://pollard.com/homepage.jsp" "Mozilla/5.0 (Windows NT 10.0; Win64; x64)"
73.146.211.32 - - [24/Apr/2025:23:42:26 +0530] "HEAD main/blog HTTP/1.1" 404 1217 "http://patterson.com/tags/tags/wp-content/faq.asp" "Mozilla/5.0 (Macintosh; Intel Mac OS X 10_15_7)"
154.220.222.250 - - [04/Apr/2025:15:26:55 +0530] "GET explore/category/category HTTP/1.1" 200 466 "https://joseph.com/tags/category/" "Wget/1.20.3 (linux-gnu)"
3.127.93.125 - - [28/Apr/2025:22:08:23 +0530] "HEAD blog/posts HTTP/1.1" 404 2911 "https://www.kerr.info/faq.jsp" "Mozilla/5.0 (X11; Linux x86_64)"
124.188.71.119 - - [25/May/2025:16:48:28 +0530] "GET posts HTTP/1.1" 200 338 "http://logan-duncan.org/" "curl/7.68.0"
30.162.98.61 - - [08/May/2025:02:20:02 +0530] "HEAD category HTTP/1.1" 301 4295 "https://www.swanson.com/search/blog/main/login/" "Wget/1.20.3 (linux-gnu)"
72.66.240.91 - - [23/Jun/2025:12:16:59 +0530] "POST tags HTTP/1.1" 302 2110 "https://ford.biz/wp-content/category/posts/homepage.php" "Wget/1.20.3 (linux-gnu)"
193.52.48.15 - - [20/May/2025:07:08:30 +0530] "HEAD wp-content/wp-content HTTP/1.1" 500 2793 "https://www.gonzalez.com/posts/app/category/index/" "curl/7.68.0"
170.102.64.243 - - [11/Mar/2025:11:30:19 +0530] "HEAD main/list/search HTTP/1.1" 302 4359 "http://www.baldwin.com/index/" "Wget/1.20.3 (linux-gnu)"
67.135.174.235 - - [11/Jan/2025:15:15:10 +0530] "POST blog/tags HTTP/1.1" 200 4605 "http://bailey-ponce.com/category/category/tag/author.asp" "Mozilla/5.0 (Windows NT 10.0; Win64; x64)"
149.240.25.175 - - [08/Feb/2025:17:05:40 +0530] "GET search HTTP/1.1" 301 2437 "https://morgan-clayton.org/app/explore/categories/author.htm" "Mozilla/5.0 (X11; Linux x86_64)"
3.247.220.7 - - [17/Apr/2025:14:04:01 +0530] "GET wp-content/category HTTP/1.1" 302 4239 "https://romero.com/" "Mozilla/5.0 (X11; Linux x86_64)"
21.166.38.47 - - [05/Mar/2025:19:34:14 +0530] "HEAD tag/search/tags HTTP/1.1" 302 3300 "http://byrd-gordon.info/home.html" "Wget/1.20.3 (linux-gnu)"
130.158.103.157 - - [09/Mar/2025:19:03:52 +0530] "POST category/explore/explore HTTP/1.1" 302 1217 "https://gutierrez.com/explore/home.html" "Mozilla/5.0 (Macintosh; Intel Mac OS X 10_15_7)"
108.29.241.172 - - [23/Jun/2025:02:40:05 +0530] "GET blog HTTP/1.1" 500 332 "https://www.maldonado.biz/about.jsp" "curl/7.68.0"
20.49.105.103 - - [14/Feb/2025:15:26:35 +0530] "POST posts/app HTTP/1.1" 500 3884 "https://www.tucker.info/explore/tags/faq.html" "curl/7.68.0"
181.118.175.12 - - [08/Mar/2025:16:08:11 +0530] "HEAD list HTTP/1.1" 302 3853 "http://www.moon-meyer.org/blog/list/terms/" "Mozilla/5.0 (Macintosh; Intel Mac OS X 10_15_7)"
206.27.3.123 - - [17/Mar/2025:09:53:34 +0530] "POST wp-content HTTP/1.1" 302 2720 "http://stephens.org/post.asp" "Wget/1.20.3 (linux-gnu)"
13.165.239.86 - - [07/Jun/2025:09:10:20 +0530] "HEAD posts/wp-content HTTP/1.1" 404 2449 "https://perez.com/home.html" "Mozilla/5.0 (X11; Linux x86_64)"
8.140.15.193 - - [14/Jun/2025:04:24:11 +0530] "HEAD tag/list/tags HTTP/1.1" 302 1612 "http://www.burns.org/app/post.php" "Mozilla/5.0 (X11; Linux x86_64)"
168.14.34.192 - - [28/Jan/2025:20:39:43 +0530] "HEAD category HTTP/1.1" 404 2178 "http://www.gross-greene.biz/tags/privacy/" "Mozilla/5.0 (X11; Linux x86_64)"
28.184.25.187 - - [29/Mar/2025:18:35:46 +0530] "GET main/explore/main HTTP/1.1" 500 658 "http://www.bailey.com/tag/explore/category.htm" "curl/7.68.0"
56.43.139.241 - - [17/Mar/2025:10:15:47 +0530] "GET wp-content/explore/wp-content HTTP/1.1" 404 378 "http://ramirez-cole.com/main/blog/homepage/" "Mozilla/5.0 (Macintosh; Intel Mac OS X 10_15_7)"
138.198.200.145 - - [24/Mar/2025:04:38:46 +0530] "POST explore HTTP/1.1" 404 4716 "http://www.kemp.com/author/" "Mozilla/5.0 (Macintosh; Intel Mac OS X 10_15_7)"
9.147.9.11 - - [14/May/2025:13:05:19 +0530] "POST category HTTP/1.1" 301 840 "http://www.brandt-hill.biz/app/home.html" "Mozilla/5.0 (Macintosh; Intel Mac OS X 10_15_7)"
150.89.244.100 - - [20/Feb/2025:14:26:58 +0530] "HEAD wp-content/tag/app HTTP/1.1" 200 739 "http://www.smith-bonilla.com/index.htm" "Wget/1.20.3 (linux-gnu)"
149.187.255.26 - - [27/Apr/2025:01:07:38 +0530] "GET app/tags HTTP/1.1" 500 4269 "http://www.sloan.com/home/" "Mozilla/5.0 (X11; Linux x86_64)"
187.195.37.126 - - [09/Jan/2025:22:39:34 +0530] "HEAD search/main HTTP/1.1" 200 4634 "http://www.cox.biz/home/" "Mozilla/5.0 (Macintosh; Intel Mac OS X 10_15_7)"
207.57.35.241 - - [03/May/2025:21:57:24 +0530] "POST main/main/tags HTTP/1.1" 302 3750 "https://berry.net/author/" "Wget/1.20.3 (linux-gnu)"
25.173.140.167 - - [13/Jun/2025:08:25:59 +0530] "POST app/search/app HTTP/1.1" 302 2096 "http://www.dodson.net/posts/explore/tags/homepage.php" "curl/7.68.0"
49.36.211.85 - - [03/Apr/2025:06:23:39 +0530] "GET explore/wp-content/search HTTP/1.1" 301 449 "http://hernandez-nichols.net/faq.asp" "Mozilla/5.0 (Macintosh; Intel Mac OS X 10_15_7)"
94.194.27.236 - - [20/Mar/2025:12:28:34 +0530] "GET search HTTP/1.1" 200 133 "https://jones.com/tags/wp-content/main/" "Wget/1.20.3 (linux-gnu)"
109.122.142.143 - - [12/Jun/2025:22:20:19 +0530] "GET /comment?text=<script>alert("xss")</script> HTTP/1.1" 200 1649 "https://chen.info/search/post/" "Wget/1.20.3 (linux-gnu)"
118.208.72.101 - - [29/Jan/2025:00:12:56 +0530] "POST tag HTTP/1.1" 404 4532 "http://www.turner-pratt.net/about.htm" "Mozilla/5.0 (X11; Linux x86_64)"
222.185.254.234 - - [31/Mar/2025:20:19:01 +0530] "POST app/main/tags HTTP/1.1" 404 2957 "https://austin-patrick.com/wp-content/list/terms/" "Wget/1.20.3 (linux-gnu)"
90.232.235.142 - - [09/Jun/2025:20:32:21 +0530] "POST explore/explore/blog HTTP/1.1" 301 1323 "https://www.roman-king.org/category.php" "Mozilla/5.0 (Macintosh; Intel Mac OS X 10_15_7)"
24.75.202.33 - - [15/May/2025:07:05:38 +0530] "GET categories/explore HTTP/1.1" 301 4592 "http://anderson.com/" "Mozilla/5.0 (Macintosh; Intel Mac OS X 10_15_7)"
184.100.94.95 - - [31/May/2025:04:51:16 +0530] "POST wp-content/blog HTTP/1.1" 404 2897 "https://fleming-payne.info/category/terms/" "Wget/1.20.3 (linux-gnu)"
27.0.23.80 - - [04/Jun/2025:02:38:25 +0530] "HEAD wp-content/main/list HTTP/1.1" 404 1405 "https://www.morgan.info/" "Mozilla/5.0 (X11; Linux x86_64)"
200.82.229.89 - - [11/May/2025:17:26:00 +0530] "HEAD category/explore HTTP/1.1" 301 2514 "https://www.george.com/explore/blog/home/" "Mozilla/5.0 (Macintosh; Intel Mac OS X 10_15_7)"
58.228.210.203 - - [25/Jun/2025:19:56:11 +0530] "HEAD tag/blog/explore HTTP/1.1" 404 3721 "https://www.bailey.info/" "curl/7.68.0"
214.220.42.164 - - [31/Jan/2025:02:03:36 +0530] "POST tags HTTP/1.1" 302 148 "https://www.white.net/main.htm" "Wget/1.20.3 (linux-gnu)"
114.144.226.229 - - [14/Jun/2025:18:34:15 +0530] "HEAD search/blog HTTP/1.1" 302 614 "http://www.bowers-jones.biz/blog/explore/main/terms.html" "Mozilla/5.0 (X11; Linux x86_64)"
16.170.75.119 - - [23/Apr/2025:22:15:33 +0530] "HEAD tag HTTP/1.1" 404 3331 "https://fisher.com/" "curl/7.68.0"
189.250.29.21 - - [26/Jun/2025:10:23:20 +0530] "POST category/app/wp-content HTTP/1.1" 404 1781 "https://www.mcdaniel-zuniga.com/login.asp" "Wget/1.20.3 (linux-gnu)"
106.173.56.229 - - [12/May/2025:21:27:13 +0530] "GET categories HTTP/1.1" 200 314 "http://www.mcdonald.biz/explore/app/posts/main.asp" "curl/7.68.0"
66.57.12.92 - - [27/Jun/2025:19:37:16 +0530] "HEAD search/tags/app HTTP/1.1" 302 2761 "http://www.bruce-lawrence.com/" "Wget/1.20.3 (linux-gnu)"
139.99.97.157 - - [03/Jun/2025:03:47:17 +0530] "GET tag/app HTTP/1.1" 404 2385 "https://www.garcia.com/terms/" "Mozilla/5.0 (Windows NT 10.0; Win64; x64)"
44.137.171.22 - - [19/Feb/2025:22:44:03 +0530] "HEAD search/category/search HTTP/1.1" 404 3256 "https://frank.com/wp-content/faq/" "Mozilla/5.0 (Windows NT 10.0; Win64; x64)"
39.211.81.35 - - [29/Jan/2025:20:08:54 +0530] "POST tags HTTP/1.1" 302 181 "https://duke.com/about.html" "Mozilla/5.0 (X11; Linux x86_64)"
196.6.24.0 - - [28/Feb/2025:17:48:21 +0530] "POST wp-content HTTP/1.1" 301 4209 "https://estrada-miles.info/author.html" "Mozilla/5.0 (Windows NT 10.0; Win64; x64)"
61.4.172.164 - - [04/May/2025:10:30:15 +0530] "GET main/category HTTP/1.1" 301 4239 "http://www.daniel.net/main.php" "Wget/1.20.3 (linux-gnu)"
15.26.51.213 - - [18/Mar/2025:11:24:29 +0530] "GET explore HTTP/1.1" 500 1254 "https://www.gates.com/" "Wget/1.20.3 (linux-gnu)"
53.131.47.78 - - [30/Jan/2025:02:28:50 +0530] "HEAD blog HTTP/1.1" 301 873 "https://www.lee.org/category.jsp" "Mozilla/5.0 (Macintosh; Intel Mac OS X 10_15_7)"
60.51.228.178 - - [26/Feb/2025:17:14:54 +0530] "HEAD app/tag/explore HTTP/1.1" 301 803 "https://santos.com/terms.jsp" "Mozilla/5.0 (X11; Linux x86_64)"
160.94.202.213 - - [23/Apr/2025:13:20:30 +0530] "HEAD categories HTTP/1.1" 302 4546 "http://www.jennings.info/posts/blog/explore/faq.jsp" "curl/7.68.0"
175.85.39.7 - - [20/Apr/2025:08:11:17 +0530] "HEAD blog HTTP/1.1" 500 1037 "https://hoover.org/search/" "Mozilla/5.0 (Windows NT 10.0; Win64; x64)"
171.40.110.7 - - [03/Apr/2025:03:01:20 +0530] "POST tag/tag HTTP/1.1" 500 3992 "http://fernandez.info/register.htm" "Mozilla/5.0 (X11; Linux x86_64)"
30.20.2.39 - - [14/Apr/2025:12:36:53 +0530] "HEAD tags/posts/category HTTP/1.1" 500 707 "http://ortiz.biz/tags/home.asp" "Wget/1.20.3 (linux-gnu)"
1.248.202.78 - - [13/Mar/2025:04:05:30 +0530] "POST tag/list/explore HTTP/1.1" 500 2545 "https://www.acosta.com/app/tag/explore/home.php" "Wget/1.20.3 (linux-gnu)"
182.82.109.157 - - [20/Jun/2025:00:39:11 +0530] "POST app/main HTTP/1.1" 404 4853 "https://schneider.com/" "Mozilla/5.0 (X11; Linux x86_64)"
13.173.22.130 - - [18/Jun/2025:11:05:14 +0530] "GET tag/blog HTTP/1.1" 404 916 "http://www.bennett.com/blog/explore/privacy/" "Wget/1.20.3 (linux-gnu)"
27.170.179.73 - - [07/Mar/2025:05:51:27 +0530] "POST tags/main/blog HTTP/1.1" 302 1845 "http://henry.biz/main.html" "Mozilla/5.0 (Windows NT 10.0; Win64; x64)"
101.94.192.36 - - [10/Jun/2025:16:55:02 +0530] "GET blog/tag HTTP/1.1" 301 3701 "https://www.ramos.com/posts/homepage.html" "Wget/1.20.3 (linux-gnu)"
180.125.232.0 - - [05/May/2025:03:16:28 +0530] "GET list/app HTTP/1.1" 200 1299 "http://www.burns.info/" "Wget/1.20.3 (linux-gnu)"
49.163.87.212 - - [01/May/2025:03:14:42 +0530] "GET main HTTP/1.1" 200 2535 "https://www.smith.org/posts/category/" "Mozilla/5.0 (X11; Linux x86_64)"
55.38.8.245 - - [13/Jan/2025:05:52:57 +0530] "POST posts/main HTTP/1.1" 200 1717 "http://reed-reese.com/login.htm" "Wget/1.20.3 (linux-gnu)"
157.86.110.201 - - [20/Mar/2025:14:07:06 +0530] "HEAD category/categories HTTP/1.1" 404 1681 "https://www.owens-fuller.com/faq.asp" "Mozilla/5.0 (Macintosh; Intel Mac OS X 10_15_7)"
149.114.36.57 - - [21/Apr/2025:00:38:08 +0530] "HEAD categories/categories HTTP/1.1" 500 2869 "https://www.chavez.org/homepage/" "Mozilla/5.0 (X11; Linux x86_64)"
162.139.49.176 - - [22/Apr/2025:16:58:23 +0530] "GET list/search/main HTTP/1.1" 500 4747 "http://www.stevenson.com/wp-content/privacy.htm" "Mozilla/5.0 (X11; Linux x86_64)"
89.234.45.46 - - [24/Apr/2025:22:51:20 +0530] "GET posts/category HTTP/1.1" 302 1588 "https://hill-nunez.com/" "Mozilla/5.0 (Windows NT 10.0; Win64; x64)"
163.13.84.184 - - [06/Jan/2025:14:01:48 +0530] "GET category/app HTTP/1.1" 200 1988 "http://gray-reid.com/" "Mozilla/5.0 (Windows NT 10.0; Win64; x64)"
146.18.197.76 - - [11/Mar/2025:15:37:09 +0530] "GET app/categories HTTP/1.1" 500 2314 "http://www.sherman.com/faq/" "Wget/1.20.3 (linux-gnu)"
81.93.139.14 - - [12/May/2025:06:23:18 +0530] "GET explore/tag HTTP/1.1" 302 4913 "https://stephens.info/author.html" "Wget/1.20.3 (linux-gnu)"
37.117.122.217 - - [17/Mar/2025:01:30:42 +0530] "GET /downloads/shell.php HTTP/1.1" 200 2590 "http://parks.biz/wp-content/category/search.php" "Mozilla/5.0 (Windows NT 10.0; Win64; x64)"
126.100.106.231 - - [08/May/2025:12:11:29 +0530] "GET categories HTTP/1.1" 500 2209 "http://stone.com/" "curl/7.68.0"
100.194.199.203 - - [09/Jan/2025:12:55:35 +0530] "POST search HTTP/1.1" 404 2419 "https://kim-potter.com/" "Wget/1.20.3 (linux-gnu)"
157.136.146.201 - - [17/Feb/2025:11:47:59 +0530] "HEAD main/wp-content/list HTTP/1.1" 301 2312 "http://williams.com/search/posts/post/" "Mozilla/5.0 (Windows NT 10.0; Win64; x64)"
163.204.86.106 - - [05/Jan/2025:14:31:44 +0530] "HEAD explore HTTP/1.1" 200 3133 "http://www.brown.com/login.html" "Mozilla/5.0 (Windows NT 10.0; Win64; x64)"
40.108.152.99 - - [27/Feb/2025:19:20:49 +0530] "POST explore HTTP/1.1" 200 1983 "http://parks.net/blog/main/main/" "Wget/1.20.3 (linux-gnu)"
83.146.88.252 - - [03/Apr/2025:16:29:44 +0530] "HEAD search/tags/tags HTTP/1.1" 500 3036 "https://www.casey.com/posts/tags/tag/search.html" "Mozilla/5.0 (X11; Linux x86_64)"
67.129.77.136 - - [17/Mar/2025:21:04:16 +0530] "GET search HTTP/1.1" 200 1022 "http://nicholson.biz/login/" "Mozilla/5.0 (Macintosh; Intel Mac OS X 10_15_7)"
219.219.79.101 - - [05/Feb/2025:22:45:48 +0530] "HEAD main HTTP/1.1" 302 1558 "https://www.smith-reed.com/main.jsp" "Mozilla/5.0 (Windows NT 10.0; Win64; x64)"
68.85.131.160 - - [24/Apr/2025:04:52:06 +0530] "HEAD categories/tag/posts HTTP/1.1" 500 1585 "https://www.chang.com/app/posts/terms.jsp" "curl/7.68.0"
134.94.36.192 - - [02/Jan/2025:16:09:34 +0530] "GET blog/category/blog HTTP/1.1" 404 3675 "https://www.conley-wood.com/explore/blog/main.php" "Mozilla/5.0 (X11; Linux x86_64)"
29.226.207.84 - - [07/Feb/2025:19:50:54 +0530] "GET main HTTP/1.1" 302 4271 "https://www.johnson.org/" "curl/7.68.0"
51.70.11.177 - - [18/Feb/2025:14:28:04 +0530] "POST category/tags HTTP/1.1" 200 467 "https://www.campbell-dean.com/" "Mozilla/5.0 (Macintosh; Intel Mac OS X 10_15_7)"
139.107.152.176 - - [06/May/2025:08:10:10 +0530] "HEAD main/categories HTTP/1.1" 301 2733 "http://www.baldwin-garcia.com/posts/terms/" "Wget/1.20.3 (linux-gnu)"
92.116.35.200 - - [22/Feb/2025:18:39:07 +0530] "GET search/app HTTP/1.1" 500 4204 "https://www.sullivan-clark.com/about/" "Mozilla/5.0 (Windows NT 10.0; Win64; x64)"
146.44.105.170 - - [07/Apr/2025:10:55:34 +0530] "GET search/category HTTP/1.1" 404 3194 "http://bryant-pope.org/list/tags/app/homepage.html" "Wget/1.20.3 (linux-gnu)"
176.146.142.178 - - [07/Feb/2025:20:49:00 +0530] "GET app/list/main HTTP/1.1" 301 2345 "https://sanders.info/" "Mozilla/5.0 (Macintosh; Intel Mac OS X 10_15_7)"
19.90.246.219 - - [11/Jun/2025:14:33:23 +0530] "POST search/search/category HTTP/1.1" 500 4028 "http://hampton.net/terms.asp" "Mozilla/5.0 (Macintosh; Intel Mac OS X 10_15_7)"
52.38.179.164 - - [22/Mar/2025:15:14:21 +0530] "POST wp-content/search HTTP/1.1" 500 1027 "https://green-martinez.info/tag/explore/login.html" "Wget/1.20.3 (linux-gnu)"
148.121.153.71 - - [29/Jun/2025:08:52:08 +0530] "POST explore/tags/search HTTP/1.1" 500 2409 "http://williamson-gray.biz/about.htm" "Mozilla/5.0 (Macintosh; Intel Mac OS X 10_15_7)"
182.237.105.184 - - [18/Jun/2025:18:35:34 +0530] "GET app/tag HTTP/1.1" 404 1590 "https://ward.biz/wp-content/main/category/" "Mozilla/5.0 (X11; Linux x86_64)"
177.69.98.68 - - [13/May/2025:05:34:38 +0530] "POST app/tags HTTP/1.1" 301 3063 "https://www.lopez-perez.net/list/author/" "Mozilla/5.0 (X11; Linux x86_64)"
33.53.164.167 - - [31/Jan/2025:19:09:04 +0530] "POST search/list HTTP/1.1" 200 3454 "http://cannon-jordan.com/register.php" "Mozilla/5.0 (X11; Linux x86_64)"
203.52.110.172 - - [11/Feb/2025:22:06:27 +0530] "GET main/app/explore HTTP/1.1" 404 2455 "https://www.park.info/posts/category.htm" "Mozilla/5.0 (Macintosh; Intel Mac OS X 10_15_7)"
169.10.245.47 - - [28/Feb/2025:12:12:39 +0530] "POST wp-content/app HTTP/1.1" 500 1753 "http://www.holt.com/login/" "Mozilla/5.0 (Macintosh; Intel Mac OS X 10_15_7)"
136.122.55.154 - - [13/Apr/2025:05:46:52 +0530] "GET tag HTTP/1.1" 302 2412 "https://www.martinez-herrera.com/" "Mozilla/5.0 (X11; Linux x86_64)"
151.72.194.214 - - [23/Apr/2025:02:44:10 +0530] "HEAD wp-content/app HTTP/1.1" 200 4247 "https://www.rowe-brooks.com/posts/categories/app/category/" "curl/7.68.0"
8.192.169.49 - - [22/Feb/2025:17:34:46 +0530] "POST search/app/tags HTTP/1.1" 404 3037 "https://randall.com/search/" "Mozilla/5.0 (Macintosh; Intel Mac OS X 10_15_7)"
158.87.127.197 - - [22/Jun/2025:22:28:46 +0530] "HEAD categories HTTP/1.1" 404 1878 "https://www.quinn-barker.com/search/explore/category/terms.jsp" "Wget/1.20.3 (linux-gnu)"
223.10.148.216 - - [03/May/2025:17:01:11 +0530] "GET posts/posts/app HTTP/1.1" 404 4560 "https://mathews.com/" "curl/7.68.0"
44.12.187.195 - - [17/Jan/2025:19:22:20 +0530] "HEAD tag HTTP/1.1" 301 1422 "http://thompson.net/tag/post/" "curl/7.68.0"
113.80.137.196 - - [26/Jun/2025:22:08:41 +0530] "HEAD tags/app/tag HTTP/1.1" 500 1317 "https://shannon-wagner.com/" "Mozilla/5.0 (Macintosh; Intel Mac OS X 10_15_7)"
159.16.186.65 - - [03/Jan/2025:08:44:11 +0530] "GET category/search HTTP/1.1" 200 1448 "http://www.allen.com/index.html" "Mozilla/5.0 (Windows NT 10.0; Win64; x64)"
40.174.141.138 - - [20/Feb/2025:16:25:04 +0530] "GET search/blog HTTP/1.1" 500 239 "https://key-hunt.org/main.jsp" "Wget/1.20.3 (linux-gnu)"
130.238.181.12 - - [16/Apr/2025:03:16:52 +0530] "GET tag/list HTTP/1.1" 404 4305 "https://www.miller.org/post/" "Mozilla/5.0 (X11; Linux x86_64)"
74.101.141.80 - - [18/May/2025:15:42:44 +0530] "POST app HTTP/1.1" 200 1928 "https://sweeney-lopez.biz/main/posts/main/login/" "Wget/1.20.3 (linux-gnu)"
42.194.65.241 - - [20/Jun/2025:11:34:32 +0530] "GET category/tag/explore HTTP/1.1" 500 3250 "https://robbins.com/tag/tag/tag/index/" "curl/7.68.0"
161.145.239.161 - - [29/Apr/2025:13:27:00 +0530] "POST blog/list HTTP/1.1" 200 1482 "http://www.shaw.biz/" "curl/7.68.0"
192.133.232.133 - - [20/May/2025:08:11:21 +0530] "POST list/search HTTP/1.1" 404 4600 "https://www.andrews.biz/list/list/post.php" "curl/7.68.0"
145.162.132.191 - - [10/Jun/2025:18:40:25 +0530] "HEAD list HTTP/1.1" 200 4561 "https://www.phillips-jimenez.com/home/" "Mozilla/5.0 (Macintosh; Intel Mac OS X 10_15_7)"
124.217.186.199 - - [26/May/2025:19:00:32 +0530] "GET main HTTP/1.1" 500 1606 "http://garcia-davis.biz/index.html" "Mozilla/5.0 (Windows NT 10.0; Win64; x64)"
66.67.248.181 - - [27/Jan/2025:18:25:04 +0530] "POST tag/list/main HTTP/1.1" 500 709 "https://rosales.com/faq/" "curl/7.68.0"
50.71.113.45 - - [27/Feb/2025:06:29:04 +0530] "HEAD search/search/main HTTP/1.1" 302 242 "https://miller.org/search/faq.php" "Mozilla/5.0 (Windows NT 10.0; Win64; x64)"
171.25.181.162 - - [07/Feb/2025:07:14:33 +0530] "HEAD list/list/posts HTTP/1.1" 301 1435 "https://flores.com/category/" "Wget/1.20.3 (linux-gnu)"
90.21.101.7 - - [05/Feb/2025:21:09:21 +0530] "POST app HTTP/1.1" 302 1612 "https://www.young.org/search.php" "curl/7.68.0"
42.47.71.95 - - [03/Mar/2025:12:36:28 +0530] "POST search/main/app HTTP/1.1" 404 4175 "https://www.gibson.net/app/category/category/" "curl/7.68.0"
175.81.62.229 - - [23/May/2025:12:31:46 +0530] "GET blog/blog/search HTTP/1.1" 404 351 "http://medina.com/search/index/" "Mozilla/5.0 (Windows NT 10.0; Win64; x64)"
149.233.107.147 - - [07/Jan/2025:20:02:40 +0530] "HEAD list/tag/search HTTP/1.1" 301 1915 "https://cook-king.com/login/" "Wget/1.20.3 (linux-gnu)"
104.160.165.136 - - [12/Jun/2025:22:23:22 +0530] "HEAD app/blog HTTP/1.1" 200 797 "https://hogan.org/login.html" "Mozilla/5.0 (Windows NT 10.0; Win64; x64)"
72.211.249.148 - - [02/Feb/2025:00:16:00 +0530] "GET wp-content/blog HTTP/1.1" 302 2313 "http://www.short.net/homepage.asp" "Mozilla/5.0 (Windows NT 10.0; Win64; x64)"
49.35.157.190 - - [01/Mar/2025:05:43:22 +0530] "POST tag/category HTTP/1.1" 200 3287 "http://www.taylor.com/register/" "curl/7.68.0"
27.22.150.238 - - [07/Feb/2025:22:11:08 +0530] "GET tag HTTP/1.1" 200 1030 "https://palmer.com/" "Mozilla/5.0 (Macintosh; Intel Mac OS X 10_15_7)"
125.197.223.20 - - [09/Feb/2025:19:34:55 +0530] "POST main/tag HTTP/1.1" 200 2700 "http://morgan.net/homepage/" "Mozilla/5.0 (X11; Linux x86_64)"
132.150.149.157 - - [20/Jun/2025:21:00:29 +0530] "GET blog HTTP/1.1" 302 3851 "https://www.newton.com/main/index/" "Mozilla/5.0 (Windows NT 10.0; Win64; x64)"
145.182.149.216 - - [27/Jun/2025:14:38:19 +0530] "GET search HTTP/1.1" 301 4681 "http://ferguson-osborne.org/explore/category.asp" "Mozilla/5.0 (X11; Linux x86_64)"
77.26.5.146 - - [16/Jan/2025:22:05:41 +0530] "POST tags/categories HTTP/1.1" 404 1243 "https://www.morales.com/post/" "curl/7.68.0"
137.49.135.228 - - [10/Jan/2025:18:24:40 +0530] "GET category/tags/search HTTP/1.1" 404 2726 "https://campbell.info/explore/category/" "Mozilla/5.0 (Macintosh; Intel Mac OS X 10_15_7)"
35.20.96.68 - - [30/May/2025:11:48:04 +0530] "HEAD search/app HTTP/1.1" 301 3793 "https://www.mckenzie.info/post/" "Mozilla/5.0 (Macintosh; Intel Mac OS X 10_15_7)"
15.3.63.137 - - [20/May/2025:06:43:08 +0530] "POST blog HTTP/1.1" 302 1542 "http://www.taylor.org/category/main/tags/post/" "Mozilla/5.0 (Windows NT 10.0; Win64; x64)"
30.170.91.40 - - [21/May/2025:21:06:16 +0530] "POST categories/category/posts HTTP/1.1" 302 3440 "https://www.johnson.com/" "Mozilla/5.0 (Macintosh; Intel Mac OS X 10_15_7)"
46.207.181.239 - - [13/Feb/2025:01:32:51 +0530] "GET tag/app HTTP/1.1" 500 2469 "http://adams.com/tag/search/app/index/" "Mozilla/5.0 (Macintosh; Intel Mac OS X 10_15_7)"
165.131.54.115 - - [28/Mar/2025:19:36:46 +0530] "GET blog/posts/tag HTTP/1.1" 302 3624 "http://www.taylor-wallace.biz/post/" "Mozilla/5.0 (Windows NT 10.0; Win64; x64)"
187.246.46.220 - - [13/Jan/2025:20:39:52 +0530] "HEAD blog HTTP/1.1" 200 3490 "https://www.martin.com/" "Mozilla/5.0 (Macintosh; Intel Mac OS X 10_15_7)"
164.125.102.4 - - [16/Jan/2025:22:23:46 +0530] "HEAD posts HTTP/1.1" 200 1226 "https://ferguson.net/faq.php" "Mozilla/5.0 (Windows NT 10.0; Win64; x64)"
117.84.61.190 - - [28/Jun/2025:22:20:04 +0530] "GET posts/category/search HTTP/1.1" 200 3484 "http://www.blankenship-fischer.com/" "Mozilla/5.0 (X11; Linux x86_64)"
65.74.142.195 - - [23/Jan/2025:06:20:40 +0530] "POST category/tags HTTP/1.1" 500 3761 "http://www.perry.com/" "Mozilla/5.0 (X11; Linux x86_64)"
38.199.238.92 - - [03/May/2025:18:55:57 +0530] "POST categories/wp-content HTTP/1.1" 301 2743 "https://thompson-smith.com/" "Mozilla/5.0 (Windows NT 10.0; Win64; x64)"
104.98.230.77 - - [02/Feb/2025:19:53:47 +0530] "GET tag/category HTTP/1.1" 200 507 "http://robinson.net/tag/search/main/terms.php" "Mozilla/5.0 (Macintosh; Intel Mac OS X 10_15_7)"
147.28.3.23 - - [10/Apr/2025:16:39:00 +0530] "HEAD wp-content/search/app HTTP/1.1" 200 741 "http://www.best.biz/search/" "Wget/1.20.3 (linux-gnu)"
66.176.249.142 - - [01/Feb/2025:22:45:54 +0530] "HEAD categories/main HTTP/1.1" 404 1671 "http://house.com/search/faq/" "Mozilla/5.0 (Macintosh; Intel Mac OS X 10_15_7)"
218.139.99.90 - - [27/Mar/2025:23:58:55 +0530] "GET wp-content/tags HTTP/1.1" 301 4946 "http://martin.com/author.html" "Mozilla/5.0 (Macintosh; Intel Mac OS X 10_15_7)"
133.27.154.147 - - [26/Feb/2025:22:03:51 +0530] "POST categories HTTP/1.1" 200 3383 "https://www.johnson-young.info/" "Mozilla/5.0 (Windows NT 10.0; Win64; x64)"
84.174.234.244 - - [17/Jan/2025:03:43:57 +0530] "POST search HTTP/1.1" 200 2071 "https://daniels.net/" "Wget/1.20.3 (linux-gnu)"
91.232.183.169 - - [13/Apr/2025:06:23:12 +0530] "HEAD categories/app HTTP/1.1" 404 4307 "http://www.white-martin.com/search/privacy/" "Mozilla/5.0 (X11; Linux x86_64)"
23.111.73.112 - - [24/Feb/2025:11:18:58 +0530] "GET category/explore/wp-content HTTP/1.1" 200 353 "http://www.brown.com/tag/tag/about/" "Mozilla/5.0 (Windows NT 10.0; Win64; x64)"
50.238.139.196 - - [15/Apr/2025:11:48:01 +0530] "POST blog HTTP/1.1" 301 4320 "https://hoover.com/author/" "Wget/1.20.3 (linux-gnu)"
17.59.143.129 - - [11/Mar/2025:18:42:51 +0530] "POST tag/tags HTTP/1.1" 200 3763 "http://www.murphy.com/home.htm" "curl/7.68.0"
4.192.196.216 - - [15/Mar/2025:16:48:39 +0530] "POST list/search HTTP/1.1" 200 3622 "http://www.bradford.com/category/" "Mozilla/5.0 (Windows NT 10.0; Win64; x64)"
201.103.130.231 - - [17/Feb/2025:08:33:49 +0530] "HEAD categories HTTP/1.1" 500 1962 "http://www.bailey.biz/index.asp" "Mozilla/5.0 (Windows NT 10.0; Win64; x64)"
200.225.122.39 - - [07/Mar/2025:02:04:58 +0530] "POST explore/posts/posts HTTP/1.1" 301 516 "http://robbins.biz/blog/posts/posts/index/" "Mozilla/5.0 (Macintosh; Intel Mac OS X 10_15_7)"
184.245.121.150 - - [07/Mar/2025:04:58:03 +0530] "GET /login HTTP/1.1" 200 1914 "http://brown-hall.com/" "curl/7.68.0"
141.243.248.253 - - [26/Jun/2025:09:11:28 +0530] "GET category/blog/tag HTTP/1.1" 301 2228 "http://www.barnes-fitzgerald.com/post/" "Mozilla/5.0 (Windows NT 10.0; Win64; x64)"
181.91.219.89 - - [15/Feb/2025:12:27:59 +0530] "HEAD explore HTTP/1.1" 404 2912 "https://www.adams.com/" "Mozilla/5.0 (X11; Linux x86_64)"
171.72.117.130 - - [05/May/2025:10:28:55 +0530] "GET posts HTTP/1.1" 500 3394 "https://walls-brown.info/main/" "Mozilla/5.0 (Windows NT 10.0; Win64; x64)"
155.163.136.112 - - [15/Jun/2025:08:43:17 +0530] "POST blog/explore/blog HTTP/1.1" 302 3158 "http://www.vasquez.org/blog/tags/tags/main/" "Mozilla/5.0 (Macintosh; Intel Mac OS X 10_15_7)"
213.60.134.108 - - [10/Jan/2025:14:13:47 +0530] "HEAD explore HTTP/1.1" 200 4240 "http://bryant-delacruz.biz/" "Mozilla/5.0 (Macintosh; Intel Mac OS X 10_15_7)"
70.62.9.91 - - [10/Feb/2025:18:49:37 +0530] "GET category/app/blog HTTP/1.1" 404 2705 "https://www.conrad-robinson.com/tag/privacy/" "curl/7.68.0"
87.127.177.223 - - [07/Apr/2025:11:55:52 +0530] "GET explore HTTP/1.1" 200 2265 "http://www.chen.com/search/app/search.htm" "Mozilla/5.0 (X11; Linux x86_64)"
143.159.75.148 - - [27/Feb/2025:06:21:54 +0530] "GET category HTTP/1.1" 200 1795 "https://www.graham.com/login.php" "Wget/1.20.3 (linux-gnu)"
37.5.64.224 - - [20/Jun/2025:20:14:01 +0530] "HEAD app HTTP/1.1" 500 4663 "http://perkins.com/search/tags/blog/privacy/" "Mozilla/5.0 (Windows NT 10.0; Win64; x64)"
161.173.233.99 - - [21/May/2025:22:11:07 +0530] "POST tags/wp-content HTTP/1.1" 301 2636 "https://www.cox.com/" "curl/7.68.0"
53.211.103.128 - - [22/Jan/2025:09:38:37 +0530] "POST posts/app/posts HTTP/1.1" 404 2067 "https://www.burke-campbell.com/index.htm" "Mozilla/5.0 (Macintosh; Intel Mac OS X 10_15_7)"
25.129.37.92 - - [21/Mar/2025:07:04:24 +0530] "GET blog/main/search HTTP/1.1" 301 3448 "https://brown.com/author.htm" "Wget/1.20.3 (linux-gnu)"
40.165.120.228 - - [12/Feb/2025:04:51:58 +0530] "GET list/blog/explore HTTP/1.1" 302 2864 "https://www.scott.net/home/" "Wget/1.20.3 (linux-gnu)"
206.114.38.165 - - [02/Apr/2025:10:25:51 +0530] "HEAD category/search HTTP/1.1" 302 3699 "https://www.hodge-ortiz.com/search/" "Mozilla/5.0 (X11; Linux x86_64)"
166.146.118.237 - - [29/Apr/2025:12:42:16 +0530] "HEAD app/wp-content HTTP/1.1" 301 2229 "https://www.thornton.com/login/" "Wget/1.20.3 (linux-gnu)"
104.114.91.158 - - [31/Mar/2025:18:04:32 +0530] "POST categories HTTP/1.1" 301 3147 "https://www.alexander.com/privacy/" "curl/7.68.0"
121.126.212.68 - - [16/Feb/2025:03:36:38 +0530] "HEAD search HTTP/1.1" 404 2443 "https://watson.com/post/" "curl/7.68.0"
152.18.189.150 - - [18/Jun/2025:03:04:29 +0530] "POST wp-content/explore HTTP/1.1" 302 2763 "https://www.kelly.info/faq/" "Mozilla/5.0 (Windows NT 10.0; Win64; x64)"
183.40.187.25 - - [15/Mar/2025:22:17:32 +0530] "HEAD explore/explore HTTP/1.1" 404 438 "https://www.bell-johnson.com/list/terms/" "Wget/1.20.3 (linux-gnu)"
75.194.191.231 - - [30/Jan/2025:01:29:50 +0530] "GET posts HTTP/1.1" 200 288 "https://johnson.com/tags/list/index/" "Wget/1.20.3 (linux-gnu)"
49.186.111.235 - - [18/Apr/2025:04:43:50 +0530] "GET wp-content/tag/category HTTP/1.1" 200 104 "http://www.graham.com/login/" "Mozilla/5.0 (Windows NT 10.0; Win64; x64)"
119.97.92.166 - - [18/Jun/2025:03:55:07 +0530] "HEAD list HTTP/1.1" 404 2159 "http://patton.biz/faq.php" "Wget/1.20.3 (linux-gnu)"
25.104.245.234 - - [14/Feb/2025:02:52:33 +0530] "POST list/app/explore HTTP/1.1" 302 809 "http://flores.org/posts/list/faq.jsp" "curl/7.68.0"
193.93.41.172 - - [13/Mar/2025:00:08:45 +0530] "HEAD explore/categories/main HTTP/1.1" 301 912 "https://www.roman.com/explore/search/about/" "curl/7.68.0"
144.222.115.12 - - [10/Jan/2025:08:05:42 +0530] "GET blog HTTP/1.1" 301 1960 "http://hunt.net/posts/register.html" "Mozilla/5.0 (Macintosh; Intel Mac OS X 10_15_7)"
124.58.34.251 - - [18/Apr/2025:01:48:07 +0530] "HEAD app/posts HTTP/1.1" 301 1254 "https://www.weaver.biz/category/search/app/terms.php" "Wget/1.20.3 (linux-gnu)"
79.160.27.1 - - [24/Feb/2025:21:53:59 +0530] "HEAD tags/category HTTP/1.1" 200 2049 "http://www.davis.com/index.asp" "Mozilla/5.0 (Windows NT 10.0; Win64; x64)"
98.75.247.88 - - [07/Jan/2025:21:26:09 +0530] "HEAD app/posts/app HTTP/1.1" 500 3931 "https://www.patrick.biz/list/wp-content/index/" "Mozilla/5.0 (Windows NT 10.0; Win64; x64)"
193.213.243.121 - - [21/Apr/2025:02:08:05 +0530] "GET app HTTP/1.1" 302 4932 "http://www.gonzales-flynn.com/about.jsp" "Mozilla/5.0 (Windows NT 10.0; Win64; x64)"
109.43.57.89 - - [26/Jan/2025:23:07:28 +0530] "HEAD blog/tag HTTP/1.1" 302 4867 "https://www.fisher.org/" "Mozilla/5.0 (Windows NT 10.0; Win64; x64)"
28.195.248.107 - - [27/Mar/2025:02:09:51 +0530] "POST main/categories/categories HTTP/1.1" 404 4773 "http://www.valentine.com/about.asp" "curl/7.68.0"
67.202.58.240 - - [16/Mar/2025:09:54:52 +0530] "GET tag/posts HTTP/1.1" 302 2306 "http://www.king-thompson.com/category/" "Wget/1.20.3 (linux-gnu)"
164.180.160.149 - - [17/Mar/2025:07:02:42 +0530] "GET tag/tag HTTP/1.1" 301 4540 "http://taylor.info/" "Mozilla/5.0 (X11; Linux x86_64)"
211.118.182.98 - - [10/Jan/2025:22:53:21 +0530] "POST app/tags/posts HTTP/1.1" 200 659 "http://robles.biz/" "Mozilla/5.0 (X11; Linux x86_64)"
207.59.130.203 - - [05/Apr/2025:01:35:38 +0530] "POST search/posts/list HTTP/1.1" 500 599 "https://www.cox.info/post.htm" "Mozilla/5.0 (Macintosh; Intel Mac OS X 10_15_7)"
12.229.108.229 - - [26/Apr/2025:03:45:42 +0530] "GET categories HTTP/1.1" 404 2256 "https://www.gibson-bright.biz/posts/home/" "Mozilla/5.0 (Macintosh; Intel Mac OS X 10_15_7)"
221.39.133.250 - - [19/Jun/2025:18:57:01 +0530] "POST categories/categories/wp-content HTTP/1.1" 500 4877 "https://carter-cooper.com/home.html" "Mozilla/5.0 (X11; Linux x86_64)"
66.126.248.237 - - [15/Mar/2025:17:08:15 +0530] "POST categories/wp-content HTTP/1.1" 200 1832 "http://smith.com/terms.html" "Wget/1.20.3 (linux-gnu)"